---
source: src/main.rs
expression: "indoc!\n{\n    r#\"\n                {\n                    \"a\": \"Hello\",\n                    \"id\": 123456,\n                    \"details\": {\n                        \"user\": \"johnD\",\n                        \"name\": \"John Doe\",\n                        \"url\": \"http://example.com/item/123456\"\n                    }\n                }\n            \"#\n}"
---
{
    "a": "Hello",
    "id": 123456,
    "details": {
        "user": "johnD",
        "name": "John Doe",
        "url": "http://example.com/item/123456"
    }
}
